{
    "type": "minecraft:smithing",
    "base": {
        "item": "minecraft:iron_shovel"
    },
    "addition": {
        "item": "minecraft:gold_ingot"
    },
    "result": {
        "item": "minecraft:golden_shovel"
    }
}